{ id: '100805689097937414674',
   displayName: 'Bharat Rawat',
   name: { familyName: 'Rawat', givenName: 'Bharat' },
   emails: [ { value: 'bharat.rawat@eckovation.com', type: 'account' } ],
   photos: 
    [ { value: 'https://lh4.googleusercontent.com/-9CbDVvpp2cI/AAAAAAAAAAI/AAAAAAAAAAU/8Gusizwt6og/s50/photo.jpg' } ],
   gender: undefined,
    provider: 'google',
   _raw: '{\n "kind": "plus#person",\n "etag": "\\"ZGQDP-uTLk7k5mmx0bFwLwF_x1M/VL7wKffXzRFfa4IF2c34tQNUalo\\"",\n "emails": [\n  {\n   "value": "bharat.rawat@eckovation.com",\n   "type": "account"\n  }\n ],\n "id": "100805689097937414674",\n "displayName": "Bharat Rawat",\n "name": {\n  "familyName": "Rawat",\n  "givenName": "Bharat"\n },\n "image": {\n  "url": "https://lh4.googleusercontent.com/-9CbDVvpp2cI/AAAAAAAAAAI/AAAAAAAAAAU/8Gusizwt6og/s50/photo.jpg",\n  "isDefault": false\n },\n "language": "en",\n "domain": "eckovation.com"\n}\n',
   _json: 
    { kind: 'plus#person',
      etag: '"ZGQDP-uTLk7k5mmx0bFwLwF_x1M/VL7wKffXzRFfa4IF2c34tQNUalo"',
      emails: [ [Object] ],
      id: '100805689097937414674',
      displayName: 'Bharat Rawat',
      name: { familyName: 'Rawat', givenName: 'Bharat' },
      image: 
        { url: 'https://lh4.googleusercontent.com/-9CbDVvpp2cI/AAAAAAAAAAI/AAAAAAAAAAU/8Gusizwt6og/s50/photo.jpg',
         isDefault: false },
      language: 'en',
      domain: 'eckovation.com' } }